======================================================
 Sims CLI Game ΓÇö JUnit 5 Test Runner
======================================================

[1/2] Compiling source code...
[2/2] Compiling tests...

Running tests...
======================================================

Thanks for using JUnit! Support its development at https://junit.org/sponsoring


[WARNING] The office is closed on Saturdays! You cannot work on the weekend.
Spend the weekend socializing, studying, or upgrading your house.

Press ENTER to return...
[WARNING] The office is closed on Sundays! You cannot work on the weekend.
Spend the weekend socializing, studying, or upgrading your house.

Press ENTER to return...   .---------.         
   |  [Softwar] |  
   |  _______  |       
   | |  :D   | |   o   
   | |_______| |  /|\  
   '-----------'  / \  
   [___keyboard__]      
   " Bob is working! "

Bob works a shift as a Software Engineer and earns $150!

[WARNING] The office is closed on Saturdays! You cannot work on the weekend.
Spend the weekend socializing, studying, or upgrading your house.

Press ENTER to return...
[WARNING] The office is closed on Sundays! You cannot work on the weekend.
Spend the weekend socializing, studying, or upgrading your house.

Press ENTER to return...   .---------.         
   |  [Softwar] |  
   |  _______  |       
   | |  :D   | |   o   
   | |_______| |  /|\  
   '-----------'  / \  
   [___keyboard__]      
   " Bob is working! "

Bob works a shift as a Software Engineer and earns $150!

[WARNING] Error loading game: For input string: "INVALID_INT"
        o           
       /|\  nom!    
       / \          
  ____(_____)____   
 |   [~BOWL~] f  |  
 |_______________|  
   " TestSim is eating "

TestSim consumes the Coffee.
        o           
       /|\  nom!    
       / \          
  ____(_____)____   
 |   [~BOWL~] f  |  
 |_______________|  
   " TestSim is eating "

TestSim consumes the Apple.
Not enough money! Upgrade costs $1000
Success! Basic Room upgraded. New capacity: 15
?
?? JUnit Jupiter ?
?  ?? State Pattern ù LifeStage Lifecycle Tests ?
?  ?  ?? ageUp() at age 17 transitions TeenStage ? AdultStage ?
?  ?  ?? AdultStage Sim stays in AdultStage after further ageUp() calls ?
?  ?  ?? TeenStage has higher energy decay modifier (1.2) ?
?  ?  ?? ElderStage stays in ElderStage after further ageUp() calls ?
?  ?  ?? ageUp() at age 17 transitions TeenStage ? AdultStage ?
?  ?  ?? Sim aged >= 18 starts in AdultStage ?
?  ?  ?? ElderStage has lower energy decay modifier (0.8) ?
?  ?  ?? ageUp() at age 64 transitions AdultStage ? ElderStage ? Elders cannot work ==> expected: <false> but was: <true>
?  ?  ?? Sim object identity is preserved across LifeStage transition ?
?  ?  ?? Sim aged < 18 starts in ChildStage ?
?  ?  ?? ageUp() at age 12 transitions ChildStage ? TeenStage ?
?  ?  ?? Inventory survives a LifeStage transition without data loss ?
?  ?  ?? Name is preserved across LifeStage transition ?
?  ?  ?? Sim aged 13û17 starts in TeenStage ?
?  ?  ?? Sim aged >= 65 starts in ElderStage ? An elder should not be able to work ==> expected: <false> but was: <true>
?  ?? Need Hierarchy ù Base Decay Logic Tests ?
?  ?  ?? decay(0.5) applies half the base rate (rounded) ?
?  ?  ?? Social.decay(1.0) decreases by its base decay rate (5) ?
?  ?  ?? increase() caps at MAX_VALUE ?
?  ?  ?? Fun.decay(1.0) decreases by its base decay rate (2) ?
?  ?  ?? All needs start at MAX_VALUE (100) ?
?  ?  ?? Energy.decay(1.0) decreases by its base decay rate (2) ?
?  ?  ?? decrease() floors at 0 ?
?  ?  ?? decay(2.0) applies double the base rate ?
?  ?  ?? setValue() clamps negative values to 0 ?
?  ?  ?? Hunger.decay(1.0) decreases by its base decay rate (5) ?
?  ?  ?? setValue() accepts valid in-range value ?
?  ?  ?? setValue() clamps values above MAX_VALUE ?
?  ?  ?? Hygiene.decay(1.0) decreases by its base decay rate (5) ?
?  ?? Storage Chest Container Logic ?
?  ?  ?? Can safely insert and retrieve memory references for Items ?
?  ?? Social Mechanics ù Reproduce & Marriage Tests ?
?  ?  ?? reproduce() succeeds for married opposite-gender Sims ?
?  ?  ?? marry() does not allow a Sim to marry themselves ?
?  ?  ?? marry() fails when relationship score < 50 ?
?  ?  ?? reproduce() throws SimulationException when Sim is not married ?
?  ?  ?? Child returned by reproduce() is a distinct object from parents ?
?  ?  ?? marry() succeeds when relationship score >= 50 ?
?  ?  ?? reproduce() throws SimulationException for same-gender couple ?
?  ?? Command Pattern - WorkCommand & Weekend Checks ?
?  ?  ?? Working on Saturday is blocked and returns NO_TICK ?
?  ?  ?? Working on Sunday is blocked and returns NO_TICK ?
?  ?  ?? Working on Monday advances ticks ?
?  ?? State Pattern ù LifeStage Lifecycle Tests ?
?  ?  ?? ageUp() at age 17 transitions TeenStage ? AdultStage ?
?  ?  ?? AdultStage Sim stays in AdultStage after further ageUp() calls ?
?  ?  ?? TeenStage has higher energy decay modifier (1.2) ?
?  ?  ?? ElderStage stays in ElderStage after further ageUp() calls ?
?  ?  ?? ageUp() at age 17 transitions TeenStage ? AdultStage ?
?  ?  ?? Sim aged >= 18 starts in AdultStage ?
?  ?  ?? ElderStage has lower energy decay modifier (0.8) ?
?  ?  ?? ageUp() at age 64 transitions AdultStage ? ElderStage ? Elders cannot work ==> expected: <false> but was: <true>
?  ?  ?? Sim object identity is preserved across LifeStage transition ?
?  ?  ?? Sim aged < 18 starts in ChildStage ?
?  ?  ?? ageUp() at age 12 transitions ChildStage ? TeenStage ?
?  ?  ?? Inventory survives a LifeStage transition without data loss ?
?  ?  ?? Name is preserved across LifeStage transition ?
?  ?  ?? Sim aged 13û17 starts in TeenStage ?
?  ?  ?? Sim aged >= 65 starts in ElderStage ? An elder should not be able to work ==> expected: <false> but was: <true>
?  ?? NeedsTracker ù Sim State Conversion Tests ?
?  ?  ?? SimState becomes DEAD if hunger hits 0 ?
?  ?  ?? SimState becomes HUNGRY if hunger drops to warning limits ?
?  ?  ?? SimState becomes TIRED if energy drops below limits ?
?  ?? TimeManager ù Time Progression Logic Tests ?
?  ?  ?? advanceTicks(n) increments tick by exactly n ?
?  ?  ?? advanceTick() increments tick by exactly 1 ?
?  ?  ?? getFormattedTime() returns '14:00' at tick 14 ?
?  ?  ?? getCurrentDay() returns 2 when tick crosses 24 boundary ?
?  ?  ?? Sleep fast-forward actually lands at tick % 24 == 8 ?
?  ?  ?? getTimeOfDay() returns 'Afternoon' in second quarter ?
?  ?  ?? getTimeOfDay() returns 'Morning' in first quarter of day ?
?  ?  ?? Sleep from tick 20 (8 PM) advances exactly 12 ticks to 8 AM ?
?  ?  ?? getTimeOfDay() returns 'Night' in final quarter ?
?  ?  ?? Sleep from tick 0 (midnight) advances exactly 8 ticks to 8 AM ?
?  ?  ?? getCurrentDay() returns 1 on tick 1 ?
?  ?  ?? advanceTicks(0) does NOT change the tick ?
?  ?  ?? getFormattedTime() returns '05:00' at tick 5 ?
?  ?  ?? getTimeOfDay() returns 'Evening' in third quarter ?
?  ?  ?? getCurrentDay() returns 3 when tick crosses 48 boundary ?
?  ?  ?? Sleep from tick 8 (8 AM) advances a full 24 ticks ?
?  ?? Command Pattern - WorkCommand & Weekend Checks ?
?  ?  ?? Working on Saturday is blocked and returns NO_TICK ?
?  ?  ?? Working on Sunday is blocked and returns NO_TICK ?
?  ?  ?? Working on Monday advances ticks ?
?  ?? Save Manager Persistence Tests ?
?  ?  ?? saveExists() and deleteSave() operate safely ?
?  ?  ?? saveGame() serializes without error ?
?  ?  ?? loadGame() catches Exception internally and returns gracefully on corrupted data ?
?  ?? Consumable & Food Tests ?
?  ?  ?? Consumable restores correct needs and is removed from inventory ?
?  ?  ?? Food restores only hunger and energy, not fun ?
?  ?? TimeManager ù Time Progression Logic Tests ?
?  ?  ?? advanceTicks(n) increments tick by exactly n ?
?  ?  ?? advanceTick() increments tick by exactly 1 ?
?  ?  ?? getFormattedTime() returns '14:00' at tick 14 ?
?  ?  ?? getCurrentDay() returns 2 when tick crosses 24 boundary ?
?  ?  ?? Sleep fast-forward actually lands at tick % 24 == 8 ?
?  ?  ?? getTimeOfDay() returns 'Afternoon' in second quarter ?
?  ?  ?? getTimeOfDay() returns 'Morning' in first quarter of day ?
?  ?  ?? Sleep from tick 20 (8 PM) advances exactly 12 ticks to 8 AM ?
?  ?  ?? getTimeOfDay() returns 'Night' in final quarter ?
?  ?  ?? Sleep from tick 0 (midnight) advances exactly 8 ticks to 8 AM ?
?  ?  ?? getCurrentDay() returns 1 on tick 1 ?
?  ?  ?? advanceTicks(0) does NOT change the tick ?
?  ?  ?? getFormattedTime() returns '05:00' at tick 5 ?
?  ?  ?? getTimeOfDay() returns 'Evening' in third quarter ?
?  ?  ?? getCurrentDay() returns 3 when tick crosses 48 boundary ?
?  ?  ?? Sleep from tick 8 (8 AM) advances a full 24 ticks ?
?  ?? Need Hierarchy ù Base Decay Logic Tests ?
?  ?  ?? decay(0.5) applies half the base rate (rounded) ?
?  ?  ?? Social.decay(1.0) decreases by its base decay rate (5) ?
?  ?  ?? increase() caps at MAX_VALUE ?
?  ?  ?? Fun.decay(1.0) decreases by its base decay rate (2) ?
?  ?  ?? All needs start at MAX_VALUE (100) ?
?  ?  ?? Energy.decay(1.0) decreases by its base decay rate (2) ?
?  ?  ?? decrease() floors at 0 ?
?  ?  ?? decay(2.0) applies double the base rate ?
?  ?  ?? setValue() clamps negative values to 0 ?
?  ?  ?? Hunger.decay(1.0) decreases by its base decay rate (5) ?
?  ?  ?? setValue() accepts valid in-range value ?
?  ?  ?? setValue() clamps values above MAX_VALUE ?
?  ?  ?? Hygiene.decay(1.0) decreases by its base decay rate (5) ?
?  ?? Social Mechanics ù Reproduce & Marriage Tests ?
?  ?  ?? reproduce() succeeds for married opposite-gender Sims ?
?  ?  ?? marry() does not allow a Sim to marry themselves ?
?  ?  ?? marry() fails when relationship score < 50 ?
?  ?  ?? reproduce() throws SimulationException when Sim is not married ?
?  ?  ?? Child returned by reproduce() is a distinct object from parents ?
?  ?  ?? marry() succeeds when relationship score >= 50 ?
?  ?  ?? reproduce() throws SimulationException for same-gender couple ?
?  ?? Room Bounds & Geometry Tests ?
?  ?  ?? Upgrading room capacity rejects if Sim doesn't have enough money ?
?  ?  ?? Upgrading room capacity correctly drains money ?
?  ?  ?? Room.canFit() safely rejects objects larger than current capacity ?
?  ?? E2E & Integration - Negative Testing Suite ?
?  ?  ?? Edge Case: Check House Info in a Commercial Location ?
?  ?  ?? Edge Case: Upgrade Room with $0 (Financial Boundary) ?
?  ?  ?? Edge Case: Try to Move Rooms inside a Supermarket (Non-Residential) ?
?  ?  ?? Edge Case: Travel to the exact location you are already standing in ?
?  ?  ?? Edge Case: Apply for a job you are too young for (Age Boundary) ? Should reject due to Age Boundary. ==> expected: <true> but was: <false>
?  ?  ?? Edge Case: Menu Bounds - Type invalid string characters and out of bounds ?
?  ?  ?  ?? [1] HELLO ?
?  ?  ?  ?? [2] -1 ?
?  ?  ?  ?? [3] 99 ?
?  ?  ?  ?? [4]  ?
?  ?  ?  ?? [5] null ?
?  ?  ?  ?? [6] DROP DATABASE; ?
?  ?  ?? Edge Case: Cancel an Overwork shift (State Validation) ?
?  ?? Career Profile ù Job Path Tests ?
?  ?  ?? promote() correctly updates and limits to max Tier ?
?  ?  ?? checkTruancy() demotes/fires player when days missed > 3 ?
?  ?? Inventory Manager Tests ?
?  ?  ?? Adding items increases inventory size ?
?  ?  ?? Inventory initializes empty with correct capacity ?
?  ?  ?? Can set and retrieve the capacity ?
?  ?? Skill Manager Tests ?
?     ?? Fast learner trait grants 50% extra experience ?
?     ?? Skills start at level 0 ?
?     ?? Adding base experience increases skill level correctly ?
?? JUnit Vintage ?
?? JUnit Platform Suite ?

Failures (5):
  JUnit Jupiter:State Pattern ù LifeStage Lifecycle Tests:ageUp() at age 64 transitions AdultStage ? ElderStage
    MethodSource [className = 'simcli.entities.lifecycle.LifecycleTest', methodName = 'testAdultToElderTransition', methodParameterTypes = '']
    => org.opentest4j.AssertionFailedError: Elders cannot work ==> expected: <false> but was: <true>
       org.junit.jupiter.api.AssertionFailureBuilder.build(AssertionFailureBuilder.java:151)
       org.junit.jupiter.api.AssertionFailureBuilder.buildAndThrow(AssertionFailureBuilder.java:132)
       org.junit.jupiter.api.AssertFalse.failNotFalse(AssertFalse.java:63)
       org.junit.jupiter.api.AssertFalse.assertFalse(AssertFalse.java:36)
       org.junit.jupiter.api.Assertions.assertFalse(Assertions.java:239)
       simcli.entities.lifecycle.LifecycleTest.testAdultToElderTransition(LifecycleTest.java:218)
       java.base/java.lang.reflect.Method.invoke(Method.java:565)
       java.base/java.util.ArrayList.forEach(ArrayList.java:1604)
       java.base/java.util.ArrayList.forEach(ArrayList.java:1604)
  JUnit Jupiter:State Pattern ù LifeStage Lifecycle Tests:Sim aged >= 65 starts in ElderStage
    MethodSource [className = 'simcli.entities.lifecycle.LifecycleTest', methodName = 'testElderSimStartsInElderStage', methodParameterTypes = '']
    => org.opentest4j.AssertionFailedError: An elder should not be able to work ==> expected: <false> but was: <true>
       org.junit.jupiter.api.AssertionFailureBuilder.build(AssertionFailureBuilder.java:151)
       org.junit.jupiter.api.AssertionFailureBuilder.buildAndThrow(AssertionFailureBuilder.java:132)
       org.junit.jupiter.api.AssertFalse.failNotFalse(AssertFalse.java:63)
       org.junit.jupiter.api.AssertFalse.assertFalse(AssertFalse.java:36)
       org.junit.jupiter.api.Assertions.assertFalse(Assertions.java:239)
       simcli.entities.lifecycle.LifecycleTest.testElderSimStartsInElderStage(LifecycleTest.java:204)
       java.base/java.lang.reflect.Method.invoke(Method.java:565)
       java.base/java.util.ArrayList.forEach(ArrayList.java:1604)
       java.base/java.util.ArrayList.forEach(ArrayList.java:1604)
  JUnit Jupiter:State Pattern ù LifeStage Lifecycle Tests:ageUp() at age 64 transitions AdultStage ? ElderStage
    MethodSource [className = 'simcli.LifecycleTest', methodName = 'testAdultToElderTransition', methodParameterTypes = '']
    => org.opentest4j.AssertionFailedError: Elders cannot work ==> expected: <false> but was: <true>
       org.junit.jupiter.api.AssertionFailureBuilder.build(AssertionFailureBuilder.java:151)
       org.junit.jupiter.api.AssertionFailureBuilder.buildAndThrow(AssertionFailureBuilder.java:132)
       org.junit.jupiter.api.AssertFalse.failNotFalse(AssertFalse.java:63)
       org.junit.jupiter.api.AssertFalse.assertFalse(AssertFalse.java:36)
       org.junit.jupiter.api.Assertions.assertFalse(Assertions.java:239)
       simcli.LifecycleTest.testAdultToElderTransition(LifecycleTest.java:218)
       java.base/java.lang.reflect.Method.invoke(Method.java:565)
       java.base/java.util.ArrayList.forEach(ArrayList.java:1604)
       java.base/java.util.ArrayList.forEach(ArrayList.java:1604)
  JUnit Jupiter:State Pattern ù LifeStage Lifecycle Tests:Sim aged >= 65 starts in ElderStage
    MethodSource [className = 'simcli.LifecycleTest', methodName = 'testElderSimStartsInElderStage', methodParameterTypes = '']
    => org.opentest4j.AssertionFailedError: An elder should not be able to work ==> expected: <false> but was: <true>
       org.junit.jupiter.api.AssertionFailureBuilder.build(AssertionFailureBuilder.java:151)
       org.junit.jupiter.api.AssertionFailureBuilder.buildAndThrow(AssertionFailureBuilder.java:132)
       org.junit.jupiter.api.AssertFalse.failNotFalse(AssertFalse.java:63)
       org.junit.jupiter.api.AssertFalse.assertFalse(AssertFalse.java:36)
       org.junit.jupiter.api.Assertions.assertFalse(Assertions.java:239)
       simcli.LifecycleTest.testElderSimStartsInElderStage(LifecycleTest.java:204)
       java.base/java.lang.reflect.Method.invoke(Method.java:565)
       java.base/java.util.ArrayList.forEach(ArrayList.java:1604)
       java.base/java.util.ArrayList.forEach(ArrayList.java:1604)
  JUnit Jupiter:E2E & Integration - Negative Testing Suite:Edge Case: Apply for a job you are too young for (Age Boundary)
    MethodSource [className = 'simcli.IntegrationTest', methodName = 'testUnderageJobApplication', methodParameterTypes = '']
    => org.opentest4j.AssertionFailedError: Should reject due to Age Boundary. ==> expected: <true> but was: <false>
       org.junit.jupiter.api.AssertionFailureBuilder.build(AssertionFailureBuilder.java:151)
       org.junit.jupiter.api.AssertionFailureBuilder.buildAndThrow(AssertionFailureBuilder.java:132)
       org.junit.jupiter.api.AssertTrue.failNotTrue(AssertTrue.java:63)
       org.junit.jupiter.api.AssertTrue.assertTrue(AssertTrue.java:36)
       org.junit.jupiter.api.Assertions.assertTrue(Assertions.java:214)
       simcli.IntegrationTest.testUnderageJobApplication(IntegrationTest.java:153)
       java.base/java.lang.reflect.Method.invoke(Method.java:565)
       java.base/java.util.ArrayList.forEach(ArrayList.java:1604)
       java.base/java.util.ArrayList.forEach(ArrayList.java:1604)

Test run finished after 2771 ms
[        23 containers found      ]
[         0 containers skipped    ]
[        23 containers started    ]
[         0 containers aborted    ]
[        23 containers successful ]
[         0 containers failed     ]
[       140 tests found           ]
[         0 tests skipped         ]
[       140 tests started         ]
[         0 tests aborted         ]
[       135 tests successful      ]
[         5 tests failed          ]

